goos: windows
goarch: amd64
pkg: SpeedFair_simplify/pkg/ofo
cpu: AMD Ryzen 7 7840HS with Radeon 780M Graphics   
BenchmarkThemisLocal/n=20/f=4/gamma=1/seed=7/history=480/cap=200/bytes=512/mechanism_small/GraphCore         	    3133	    368092 ns/op	  246553 B/op	    1080 allocs/op
BenchmarkThemisLocal/n=20/f=4/gamma=1/seed=7/history=480/cap=200/bytes=512/mechanism_small/LeaderBuildFull   	     954	   1251598 ns/op	  386989 B/op	    1444 allocs/op
BenchmarkThemisLocal/n=20/f=4/gamma=1/seed=7/history=480/cap=200/bytes=512/mechanism_small/CandidateCheckCore         	    2733	    640311 ns/op	  286347 B/op	    1206 allocs/op
BenchmarkThemisLocal/n=20/f=4/gamma=1/seed=7/history=480/cap=200/bytes=512/mechanism_small/FollowerVerifyFull         	     604	   1903851 ns/op	  426783 B/op	    1570 allocs/op
BenchmarkThemisLocal/n=20/f=4/gamma=1/seed=7/history=480/cap=200/bytes=512/mechanism_small/CommitFinalizeFull         	    5306	    234722 ns/op	  144321 B/op	     659 allocs/op
BenchmarkThemisLocal/n=20/f=4/gamma=1/seed=7/history=480/cap=200/bytes=512/mechanism_cycle/GraphCore                  	      40	  30837692 ns/op	 9115184 B/op	    6999 allocs/op
BenchmarkThemisLocal/n=20/f=4/gamma=1/seed=7/history=480/cap=200/bytes=512/mechanism_cycle/LeaderBuildFull            	      34	  34352338 ns/op	12694993 B/op	    8240 allocs/op
BenchmarkThemisLocal/n=20/f=4/gamma=1/seed=7/history=480/cap=200/bytes=512/mechanism_cycle/CandidateCheckCore         	      27	  42279770 ns/op	13438873 B/op	   10637 allocs/op
BenchmarkThemisLocal/n=20/f=4/gamma=1/seed=7/history=480/cap=200/bytes=512/mechanism_cycle/FollowerVerifyFull         	      25	  46882368 ns/op	17018669 B/op	   11877 allocs/op
BenchmarkThemisLocal/n=20/f=4/gamma=1/seed=7/history=480/cap=200/bytes=512/mechanism_cycle/CommitFinalizeFull         	      52	  23895571 ns/op	 4559654 B/op	    2041 allocs/op
BenchmarkThemisLocal/n=20/f=4/gamma=1/seed=7/history=480/cap=200/bytes=512/mechanism_update/GraphCore                 	      55	  21009162 ns/op	  832780 B/op	     393 allocs/op
BenchmarkThemisLocal/n=20/f=4/gamma=1/seed=7/history=480/cap=200/bytes=512/mechanism_update/LeaderBuildFull           	      44	  51228986 ns/op	 6055017 B/op	    1897 allocs/op
BenchmarkThemisLocal/n=20/f=4/gamma=1/seed=7/history=480/cap=200/bytes=512/mechanism_update/CandidateCheckCore        	      55	  22504584 ns/op	  832782 B/op	     393 allocs/op
BenchmarkThemisLocal/n=20/f=4/gamma=1/seed=7/history=480/cap=200/bytes=512/mechanism_update/FollowerVerifyFull        	      42	  28950550 ns/op	 6055016 B/op	    1897 allocs/op
BenchmarkThemisLocal/n=20/f=4/gamma=1/seed=7/history=480/cap=200/bytes=512/mechanism_update/CommitFinalizeFull        	      21	  52571514 ns/op	 5388399 B/op	    9311 allocs/op
PASS
ok  	SpeedFair_simplify/pkg/ofo	23.071s
