goos: windows
goarch: amd64
pkg: SpeedFair_simplify/pkg/ofo
cpu: AMD Ryzen 7 7840HS with Radeon 780M Graphics   
BenchmarkThemisLocal/n=20/f=4/gamma=1/seed=19/history=480/cap=200/bytes=512/mechanism_small/GraphCore         	    3814	    305100 ns/op	  246809 B/op	    1081 allocs/op
BenchmarkThemisLocal/n=20/f=4/gamma=1/seed=19/history=480/cap=200/bytes=512/mechanism_small/LeaderBuildFull   	    1171	   1068016 ns/op	  387245 B/op	    1445 allocs/op
BenchmarkThemisLocal/n=20/f=4/gamma=1/seed=19/history=480/cap=200/bytes=512/mechanism_small/CandidateCheckCore         	    3168	    529138 ns/op	  286602 B/op	    1207 allocs/op
BenchmarkThemisLocal/n=20/f=4/gamma=1/seed=19/history=480/cap=200/bytes=512/mechanism_small/FollowerVerifyFull         	     614	   1850765 ns/op	  427039 B/op	    1571 allocs/op
BenchmarkThemisLocal/n=20/f=4/gamma=1/seed=19/history=480/cap=200/bytes=512/mechanism_small/CommitFinalizeFull         	    5602	    219230 ns/op	  144577 B/op	     660 allocs/op
BenchmarkThemisLocal/n=20/f=4/gamma=1/seed=19/history=480/cap=200/bytes=512/mechanism_cycle/GraphCore                  	      40	  28567175 ns/op	 9115192 B/op	    6999 allocs/op
BenchmarkThemisLocal/n=20/f=4/gamma=1/seed=19/history=480/cap=200/bytes=512/mechanism_cycle/LeaderBuildFull            	      37	  32528024 ns/op	12694996 B/op	    8240 allocs/op
BenchmarkThemisLocal/n=20/f=4/gamma=1/seed=19/history=480/cap=200/bytes=512/mechanism_cycle/CandidateCheckCore         	      30	  40445233 ns/op	13438867 B/op	   10636 allocs/op
BenchmarkThemisLocal/n=20/f=4/gamma=1/seed=19/history=480/cap=200/bytes=512/mechanism_cycle/FollowerVerifyFull         	      27	  44171400 ns/op	17018661 B/op	   11877 allocs/op
BenchmarkThemisLocal/n=20/f=4/gamma=1/seed=19/history=480/cap=200/bytes=512/mechanism_cycle/CommitFinalizeFull         	      52	  23399450 ns/op	 4559757 B/op	    2043 allocs/op
BenchmarkThemisLocal/n=20/f=4/gamma=1/seed=19/history=480/cap=200/bytes=512/mechanism_update/GraphCore                 	      50	  20399922 ns/op	  832036 B/op	     390 allocs/op
BenchmarkThemisLocal/n=20/f=4/gamma=1/seed=19/history=480/cap=200/bytes=512/mechanism_update/LeaderBuildFull           	      45	  49392589 ns/op	 6054273 B/op	    1894 allocs/op
BenchmarkThemisLocal/n=20/f=4/gamma=1/seed=19/history=480/cap=200/bytes=512/mechanism_update/CandidateCheckCore        	      56	  21009900 ns/op	  832037 B/op	     390 allocs/op
BenchmarkThemisLocal/n=20/f=4/gamma=1/seed=19/history=480/cap=200/bytes=512/mechanism_update/FollowerVerifyFull        	      45	  27227129 ns/op	 6054271 B/op	    1894 allocs/op
BenchmarkThemisLocal/n=20/f=4/gamma=1/seed=19/history=480/cap=200/bytes=512/mechanism_update/CommitFinalizeFull        	      22	  49769286 ns/op	 5387146 B/op	    9307 allocs/op
PASS
ok  	SpeedFair_simplify/pkg/ofo	21.816s
