goos: windows
goarch: amd64
pkg: SpeedFair_simplify/pkg/ofo
cpu: AMD Ryzen 7 7840HS with Radeon 780M Graphics   
BenchmarkThemisLocal/n=20/f=4/gamma=1/seed=1/history=480/cap=200/bytes=512/mechanism_small/GraphCore         	    2419	    487117 ns/op	  246810 B/op	    1081 allocs/op
BenchmarkThemisLocal/n=20/f=4/gamma=1/seed=1/history=480/cap=200/bytes=512/mechanism_small/LeaderBuildFull   	     872	   1317195 ns/op	  387246 B/op	    1445 allocs/op
BenchmarkThemisLocal/n=20/f=4/gamma=1/seed=1/history=480/cap=200/bytes=512/mechanism_small/CandidateCheckCore         	    2658	    458203 ns/op	  286602 B/op	    1207 allocs/op
BenchmarkThemisLocal/n=20/f=4/gamma=1/seed=1/history=480/cap=200/bytes=512/mechanism_small/FollowerVerifyFull         	     913	   1302042 ns/op	  427038 B/op	    1571 allocs/op
BenchmarkThemisLocal/n=20/f=4/gamma=1/seed=1/history=480/cap=200/bytes=512/mechanism_small/CommitFinalizeFull         	    7068	    256505 ns/op	  144577 B/op	     660 allocs/op
BenchmarkThemisLocal/n=20/f=4/gamma=1/seed=1/history=480/cap=200/bytes=512/mechanism_cycle/GraphCore                  	      55	  31835149 ns/op	 9115183 B/op	    6999 allocs/op
BenchmarkThemisLocal/n=20/f=4/gamma=1/seed=1/history=480/cap=200/bytes=512/mechanism_cycle/LeaderBuildFull            	      32	  39177456 ns/op	12694997 B/op	    8240 allocs/op
BenchmarkThemisLocal/n=20/f=4/gamma=1/seed=1/history=480/cap=200/bytes=512/mechanism_cycle/CandidateCheckCore         	      22	  50730732 ns/op	13438885 B/op	   10637 allocs/op
BenchmarkThemisLocal/n=20/f=4/gamma=1/seed=1/history=480/cap=200/bytes=512/mechanism_cycle/FollowerVerifyFull         	      24	  53502183 ns/op	17018696 B/op	   11878 allocs/op
BenchmarkThemisLocal/n=20/f=4/gamma=1/seed=1/history=480/cap=200/bytes=512/mechanism_cycle/CommitFinalizeFull         	      44	  31639543 ns/op	 4559625 B/op	    2042 allocs/op
BenchmarkThemisLocal/n=20/f=4/gamma=1/seed=1/history=480/cap=200/bytes=512/mechanism_update/GraphCore                 	      45	  25714524 ns/op	  832039 B/op	     390 allocs/op
BenchmarkThemisLocal/n=20/f=4/gamma=1/seed=1/history=480/cap=200/bytes=512/mechanism_update/LeaderBuildFull           	      50	  53424898 ns/op	 6054274 B/op	    1894 allocs/op
BenchmarkThemisLocal/n=20/f=4/gamma=1/seed=1/history=480/cap=200/bytes=512/mechanism_update/CandidateCheckCore        	      79	  16025143 ns/op	  832036 B/op	     390 allocs/op
BenchmarkThemisLocal/n=20/f=4/gamma=1/seed=1/history=480/cap=200/bytes=512/mechanism_update/FollowerVerifyFull        	      56	  21099271 ns/op	 6054270 B/op	    1894 allocs/op
BenchmarkThemisLocal/n=20/f=4/gamma=1/seed=1/history=480/cap=200/bytes=512/mechanism_update/CommitFinalizeFull        	      33	  38727376 ns/op	 5387655 B/op	    9308 allocs/op
PASS
ok  	SpeedFair_simplify/pkg/ofo	29.976s
